// Jest Snapshot v1, https://goo.gl/fbAQLP

exports[`The home component mounts with styles and four divs matches previous snapshot 1`] = `[Function]`;

exports[`The home component mounts with styles and three divs matches previous snapshot 1`] = `[Function]`;
