// Jest Snapshot v1, https://goo.gl/fbAQLP

exports[`The footer component mounts with styles and a div matches previous snapshot 1`] = `[Function]`;
